turbofan-redis  | 1:C 08 Aug 2026 23:43:33.701 * oO0OoO0OoO0Oo Redis is starting oO0OoO0OoO0Oo
turbofan-redis  | 1:C 08 Aug 2026 23:43:33.701 * Redis version=7.4.10, bits=64, commit=00000000, modified=0, pid=1, just started
turbofan-redis  | 1:C 08 Aug 2026 23:43:33.701 # Warning: no config file specified, using the default config. In order to specify a config file use redis-server /path/to/redis.conf
turbofan-redis  | 1:M 08 Aug 2026 23:43:33.701 * monotonic clock: POSIX clock_gettime
turbofan-redis  | 1:M 08 Aug 2026 23:43:33.702 * Running mode=standalone, port=6379.
turbofan-redis  | 1:M 08 Aug 2026 23:43:33.702 * Server initialized
turbofan-redis  | 1:M 08 Aug 2026 23:43:33.702 * Ready to accept connections tcp
turbofan-redis  | 1:signal-handler (1786233761) Received SIGTERM scheduling shutdown...
turbofan-redis  | 1:M 09 Aug 2026 00:02:41.919 * User requested shutdown...
turbofan-redis  | 1:M 09 Aug 2026 00:02:41.919 * Saving the final RDB snapshot before exiting.
turbofan-redis  | 1:M 09 Aug 2026 00:02:41.921 * DB saved on disk
turbofan-redis  | 1:M 09 Aug 2026 00:02:41.921 # Redis is now ready to exit, bye bye...
turbofan-redis  | 1:C 09 Aug 2026 00:02:49.755 * oO0OoO0OoO0Oo Redis is starting oO0OoO0OoO0Oo
turbofan-redis  | 1:C 09 Aug 2026 00:02:49.755 * Redis version=7.4.10, bits=64, commit=00000000, modified=0, pid=1, just started
turbofan-redis  | 1:C 09 Aug 2026 00:02:49.755 # Warning: no config file specified, using the default config. In order to specify a config file use redis-server /path/to/redis.conf
turbofan-redis  | 1:M 09 Aug 2026 00:02:49.755 * monotonic clock: POSIX clock_gettime
turbofan-redis  | 1:M 09 Aug 2026 00:02:49.756 * Running mode=standalone, port=6379.
turbofan-redis  | 1:M 09 Aug 2026 00:02:49.756 * Server initialized
turbofan-redis  | 1:M 09 Aug 2026 00:02:49.757 * Loading RDB produced by version 7.4.10
turbofan-redis  | 1:M 09 Aug 2026 00:02:49.757 * RDB age 8 seconds
turbofan-redis  | 1:M 09 Aug 2026 00:02:49.757 * RDB memory usage when created 0.94 Mb
turbofan-redis  | 1:M 09 Aug 2026 00:02:49.757 * Done loading RDB, keys loaded: 0, keys expired: 0.
turbofan-redis  | 1:M 09 Aug 2026 00:02:49.757 * DB loaded from disk: 0.001 seconds
turbofan-redis  | 1:M 09 Aug 2026 00:02:49.757 * Ready to accept connections tcp
turbofan-redis  | 1:signal-handler (1786236239) Received SIGTERM scheduling shutdown...
turbofan-redis  | 1:M 09 Aug 2026 00:43:59.995 * User requested shutdown...
turbofan-redis  | 1:M 09 Aug 2026 00:43:59.995 * Saving the final RDB snapshot before exiting.
turbofan-redis  | 1:M 09 Aug 2026 00:43:59.997 * DB saved on disk
turbofan-redis  | 1:M 09 Aug 2026 00:43:59.997 # Redis is now ready to exit, bye bye...
[Kturbofan-redis exited with code 0
